exports[`test no uncessessary blocks should be added 1`] = `
Object {
  "filename": undefined,
  "line": 0,
  "nodes": Array [
    Object {
      "attributeBlocks": Array [],
      "attrs": Array [],
      "block": Object {
        "filename": undefined,
        "line": 2,
        "nodes": Array [
          Object {
            "column": 5,
            "filename": undefined,
            "line": 3,
            "type": "Text",
            "val": "Hello",
          },
          Object {
            "column": 1,
            "filename": undefined,
            "line": 4,
            "type": "Text",
            "val": "
",
          },
          Object {
            "column": 5,
            "filename": undefined,
            "line": 4,
            "type": "Text",
            "val": "World",
          },
        ],
        "type": "Block",
      },
      "column": 1,
      "filename": undefined,
      "isInline": false,
      "line": 2,
      "name": "div",
      "selfClosing": false,
      "type": "Tag",
    },
  ],
  "type": "Block",
}
`;
